---
source: tests/integration/semantic_ast/semantic_ast_projects_attachments.rs
assertion_line: 250
expression: "render_attachment_inventory(&inventory, &temp)"
---
entry directory title=Project path=assets absolute=assets exists=true vcs=untracked annex=notAnnexRepository
  raw=?? assets/untracked.txt
entry link title=Project path=tracked.txt absolute=assets/tracked.txt exists=true vcs=clean annex=notAnnexRepository
entry link title=Project path=untracked.txt absolute=assets/untracked.txt exists=true vcs=untracked annex=notAnnexRepository
  raw=?? assets/untracked.txt
entry link title=Project path=missing.txt absolute=assets/missing.txt exists=false vcs=missing annex=notAnnexRepository
entry link title=Rootless path=loose.txt absolute=loose.txt exists=false vcs=notChecked annex=notChecked
entry directory title=Archived path=archived absolute=archived exists=true vcs=untracked annex=notAnnexRepository
  raw=?? archived/
entry link title=Archived path=old.txt absolute=archived/old.txt exists=true vcs=untracked annex=notAnnexRepository
  raw=?? archived/old.txt
entry directory title=ID Gallery path=.attach/aa/bbccdd-0000-4000-8000-000000000000 absolute=.attach/aa/bbccdd-0000-4000-8000-000000000000 exists=true vcs=untracked annex=notAnnexRepository
  raw=?? .attach/aa/bbccdd-0000-4000-8000-000000000000/
entry link title=ID Gallery path=id-wallpaper.jpg absolute=.attach/aa/bbccdd-0000-4000-8000-000000000000/id-wallpaper.jpg exists=true vcs=untracked annex=notAnnexRepository
  raw=?? .attach/aa/bbccdd-0000-4000-8000-000000000000/id-wallpaper.jpg
entry link title=ID Gallery path=missing-id.jpg absolute=.attach/aa/bbccdd-0000-4000-8000-000000000000/missing-id.jpg exists=false vcs=missing annex=notAnnexRepository
entry directory title=Empty ID path=.attach/cc/ddeeff-0000-4000-8000-000000000000 absolute=.attach/cc/ddeeff-0000-4000-8000-000000000000 exists=true vcs=clean annex=notAnnexRepository
warning missingPath attachment path `missing.txt` does not exist
warning missingDirectory attachment link `loose.txt` has no resolved attachment directory
warning missingPath attachment path `missing-id.jpg` does not exist
display title=Project id=- directory=assets link=tracked.txt absolute=assets/tracked.txt exists=true media=other
display title=Project id=- directory=assets link=untracked.txt absolute=assets/untracked.txt exists=true media=other
display title=Project id=- directory=assets link=missing.txt absolute=assets/missing.txt exists=false media=other
display title=Archived id=- directory=archived link=old.txt absolute=archived/old.txt exists=true media=other
display title=ID Gallery id=aabbccdd-0000-4000-8000-000000000000 directory=.attach/aa/bbccdd-0000-4000-8000-000000000000 link=id-wallpaper.jpg absolute=.attach/aa/bbccdd-0000-4000-8000-000000000000/id-wallpaper.jpg exists=true media=image
display title=ID Gallery id=aabbccdd-0000-4000-8000-000000000000 directory=.attach/aa/bbccdd-0000-4000-8000-000000000000 link=missing-id.jpg absolute=.attach/aa/bbccdd-0000-4000-8000-000000000000/missing-id.jpg exists=false media=image
sync missingLinkedFile title=Project path=missing.txt absolute=assets/missing.txt section `Project` references missing attachment file `missing.txt`
sync missingDirectory title=Rootless path=loose.txt absolute=- section `Rootless` has attachment link `loose.txt` without a resolved attachment directory
sync missingLinkedFile title=ID Gallery path=missing-id.jpg absolute=.attach/aa/bbccdd-0000-4000-8000-000000000000/missing-id.jpg section `ID Gallery` references missing attachment file `missing-id.jpg`
sync orphanFile title=ID Gallery path=.attach/aa/bbccdd-0000-4000-8000-000000000000/orphan.jpg absolute=.attach/aa/bbccdd-0000-4000-8000-000000000000/orphan.jpg attachment file `orphan.jpg` is present under `.attach/aa/bbccdd-0000-4000-8000-000000000000` but no section link references it
sync emptyDirectory title=Empty ID path=.attach/cc/ddeeff-0000-4000-8000-000000000000 absolute=.attach/cc/ddeeff-0000-4000-8000-000000000000 attachment directory `.attach/cc/ddeeff-0000-4000-8000-000000000000` has no direct files
sync staleAttachTag title=Empty ID path=.attach/cc/ddeeff-0000-4000-8000-000000000000 absolute=.attach/cc/ddeeff-0000-4000-8000-000000000000 section `Empty ID` keeps :ATTACH: but `.attach/cc/ddeeff-0000-4000-8000-000000000000` has no direct files
archive query title=Archived path=archived archived section `Archived` may ask before deleting attachment directory `archived`
