---
source: tests/integration/semantic_ast/semantic_ast_projects_tangle_and_table_records.rs
assertion_line: 64
expression: tangle
---
SourceTanglePlan {
    files: [
        SourceTangleFile {
            target: "notebook.py",
            blocks: [
                SourceTangleBlock {
                    source: SourceBlockSource {
                        start: SourcePosition {
                            line: 6,
                            column: 1,
                        },
                        end: SourcePosition {
                            line: 10,
                            column: 1,
                        },
                        range_start: 178,
                        range_end: 232,
                    },
                    name: None,
                    language: Some(
                        "python",
                    ),
                    tangle: SourceBlockTangle {
                        raw: ":tangle yes",
                        mode: Yes,
                        target: None,
                        mkdirp: SourceBlockTangleMkdirp {
                            raw: "no",
                            enabled: false,
                        },
                        comments: SourceBlockTangleComments {
                            raw: "no",
                            mode: No,
                        },
                        shebang: None,
                        noweb: SourceBlockTangleNoweb {
                            raw: "no",
                            mode: Disabled,
                        },
                    },
                    header_args: [
                        SourceBlockHeaderArg {
                            key: "eval",
                            value: Some(
                                "yes",
                            ),
                            raw: ":eval yes",
                            kind: Eval,
                            source: Default,
                            tokens: [
                                "yes",
                            ],
                            variable: None,
                        },
                        SourceBlockHeaderArg {
                            key: "session",
                            value: Some(
                                "none",
                            ),
                            raw: ":session none",
                            kind: Session,
                            source: Default,
                            tokens: [
                                "none",
                            ],
                            variable: None,
                        },
                        SourceBlockHeaderArg {
                            key: "results",
                            value: Some(
                                "replace",
                            ),
                            raw: ":results replace",
                            kind: Results,
                            source: Default,
                            tokens: [
                                "replace",
                            ],
                            variable: None,
                        },
                        SourceBlockHeaderArg {
                            key: "exports",
                            value: Some(
                                "code",
                            ),
                            raw: ":exports code",
                            kind: Exports,
                            source: Default,
                            tokens: [
                                "code",
                            ],
                            variable: None,
                        },
                        SourceBlockHeaderArg {
                            key: "cache",
                            value: Some(
                                "no",
                            ),
                            raw: ":cache no",
                            kind: Cache,
                            source: Default,
                            tokens: [
                                "no",
                            ],
                            variable: None,
                        },
                        SourceBlockHeaderArg {
                            key: "noweb",
                            value: Some(
                                "no",
                            ),
                            raw: ":noweb no",
                            kind: Noweb,
                            source: Default,
                            tokens: [
                                "no",
                            ],
                            variable: None,
                        },
                        SourceBlockHeaderArg {
                            key: "hlines",
                            value: Some(
                                "no",
                            ),
                            raw: ":hlines no",
                            kind: Hlines,
                            source: Default,
                            tokens: [
                                "no",
                            ],
                            variable: None,
                        },
                        SourceBlockHeaderArg {
                            key: "tangle",
                            value: Some(
                                "yes",
                            ),
                            raw: ":tangle yes",
                            kind: Tangle,
                            source: Explicit,
                            tokens: [
                                "yes",
                            ],
                            variable: None,
                        },
                    ],
                    value: "print(\"ok\")\n",
                },
            ],
        },
        SourceTangleFile {
            target: "src/lib.rs",
            blocks: [
                SourceTangleBlock {
                    source: SourceBlockSource {
                        start: SourcePosition {
                            line: 1,
                            column: 1,
                        },
                        end: SourcePosition {
                            line: 6,
                            column: 1,
                        },
                        range_start: 0,
                        range_end: 178,
                    },
                    name: Some(
                        "explicit-rust",
                    ),
                    language: Some(
                        "rust",
                    ),
                    tangle: SourceBlockTangle {
                        raw: ":tangle src/lib.rs",
                        mode: File,
                        target: Some(
                            "src/lib.rs",
                        ),
                        mkdirp: SourceBlockTangleMkdirp {
                            raw: "yes",
                            enabled: true,
                        },
                        comments: SourceBlockTangleComments {
                            raw: "both",
                            mode: Both,
                        },
                        shebang: Some(
                            "#!/usr/bin/env rust-script",
                        ),
                        noweb: SourceBlockTangleNoweb {
                            raw: "tangle",
                            mode: Expand,
                        },
                    },
                    header_args: [
                        SourceBlockHeaderArg {
                            key: "eval",
                            value: Some(
                                "yes",
                            ),
                            raw: ":eval yes",
                            kind: Eval,
                            source: Default,
                            tokens: [
                                "yes",
                            ],
                            variable: None,
                        },
                        SourceBlockHeaderArg {
                            key: "session",
                            value: Some(
                                "none",
                            ),
                            raw: ":session none",
                            kind: Session,
                            source: Default,
                            tokens: [
                                "none",
                            ],
                            variable: None,
                        },
                        SourceBlockHeaderArg {
                            key: "results",
                            value: Some(
                                "replace",
                            ),
                            raw: ":results replace",
                            kind: Results,
                            source: Default,
                            tokens: [
                                "replace",
                            ],
                            variable: None,
                        },
                        SourceBlockHeaderArg {
                            key: "exports",
                            value: Some(
                                "code",
                            ),
                            raw: ":exports code",
                            kind: Exports,
                            source: Default,
                            tokens: [
                                "code",
                            ],
                            variable: None,
                        },
                        SourceBlockHeaderArg {
                            key: "cache",
                            value: Some(
                                "no",
                            ),
                            raw: ":cache no",
                            kind: Cache,
                            source: Default,
                            tokens: [
                                "no",
                            ],
                            variable: None,
                        },
                        SourceBlockHeaderArg {
                            key: "noweb",
                            value: Some(
                                "tangle",
                            ),
                            raw: ":noweb tangle",
                            kind: Noweb,
                            source: Explicit,
                            tokens: [
                                "tangle",
                            ],
                            variable: None,
                        },
                        SourceBlockHeaderArg {
                            key: "hlines",
                            value: Some(
                                "no",
                            ),
                            raw: ":hlines no",
                            kind: Hlines,
                            source: Default,
                            tokens: [
                                "no",
                            ],
                            variable: None,
                        },
                        SourceBlockHeaderArg {
                            key: "tangle",
                            value: Some(
                                "src/lib.rs",
                            ),
                            raw: ":tangle src/lib.rs",
                            kind: Tangle,
                            source: Explicit,
                            tokens: [
                                "src/lib.rs",
                            ],
                            variable: None,
                        },
                        SourceBlockHeaderArg {
                            key: "mkdirp",
                            value: Some(
                                "yes",
                            ),
                            raw: ":mkdirp yes",
                            kind: Other,
                            source: Explicit,
                            tokens: [
                                "yes",
                            ],
                            variable: None,
                        },
                        SourceBlockHeaderArg {
                            key: "comments",
                            value: Some(
                                "both",
                            ),
                            raw: ":comments both",
                            kind: Other,
                            source: Explicit,
                            tokens: [
                                "both",
                            ],
                            variable: None,
                        },
                        SourceBlockHeaderArg {
                            key: "shebang",
                            value: Some(
                                "\"#!/usr/bin/env rust-script\"",
                            ),
                            raw: ":shebang \"#!/usr/bin/env rust-script\"",
                            kind: Other,
                            source: Explicit,
                            tokens: [
                                "#!/usr/bin/env rust-script",
                            ],
                            variable: None,
                        },
                    ],
                    value: "pub fn answer() -> i32 { 42 }\n",
                },
            ],
        },
    ],
    skipped: [
        SourceTangleSkip {
            source: SourceBlockSource {
                start: SourcePosition {
                    line: 10,
                    column: 1,
                },
                end: SourcePosition {
                    line: 14,
                    column: 1,
                },
                range_start: 232,
                range_end: 282,
            },
            name: None,
            language: Some(
                "shell",
            ),
            mode: Some(
                No,
            ),
            reason: Disabled,
        },
        SourceTangleSkip {
            source: SourceBlockSource {
                start: SourcePosition {
                    line: 14,
                    column: 8,
                },
                end: SourcePosition {
                    line: 14,
                    column: 45,
                },
                range_start: 289,
                range_end: 326,
            },
            name: None,
            language: Some(
                "rust",
            ),
            mode: Some(
                Yes,
            ),
            reason: InlineSource,
        },
    ],
}
