---
source: tests/integration/semantic_ast/semantic_ast_projects_agenda.rs
expression: entries
---
[
    AgendaEntry {
        ann: (),
        kind: Deadline,
        display_date: AgendaDate {
            year: 2026,
            month: 5,
            day: 14,
        },
        target_date: AgendaDate {
            year: 2026,
            month: 5,
            day: 16,
        },
        time: None,
        title: [
            Object {
                ann: (),
                data: Plain(
                    "Deadline warning ",
                ),
            },
        ],
        raw_title: "Deadline warning",
        level: 1,
        todo: Some(
            TodoKeyword {
                state: Todo,
                name: "TODO",
            },
        ),
        tags: [
            "ops",
        ],
        effective_tags: [
            "team",
            "ops",
        ],
        anchor: Some(
            "deadline-warning",
        ),
        timestamp: Timestamp {
            kind: Active,
            raw: "<2026-05-16 Sat -2d>",
            is_range: false,
            start: Some(
                TimestampMoment {
                    year: 2026,
                    month: 5,
                    day: 16,
                    day_name: Some(
                        "Sat",
                    ),
                    hour: None,
                    minute: None,
                },
            ),
            end: None,
            repeater: None,
            warning: Some(
                TimestampWarning {
                    kind: All,
                    value: 2,
                    unit: Day,
                },
            ),
        },
        occurrence: Source,
        deadline: Some(
            Warning {
                days_until: 2,
            },
        ),
    },
    AgendaEntry {
        ann: (),
        kind: Scheduled,
        display_date: AgendaDate {
            year: 2026,
            month: 5,
            day: 14,
        },
        target_date: AgendaDate {
            year: 2026,
            month: 5,
            day: 14,
        },
        time: Some(
            AgendaTime {
                hour: 9,
                minute: 30,
            },
        ),
        title: [
            Object {
                ann: (),
                data: Plain(
                    "Scheduled daily ",
                ),
            },
        ],
        raw_title: "Scheduled daily",
        level: 1,
        todo: Some(
            TodoKeyword {
                state: Todo,
                name: "TODO",
            },
        ),
        tags: [
            "work",
        ],
        effective_tags: [
            "team",
            "work",
        ],
        anchor: Some(
            "scheduled-daily",
        ),
        timestamp: Timestamp {
            kind: Active,
            raw: "<2026-05-14 Thu 09:30 +1d>",
            is_range: false,
            start: Some(
                TimestampMoment {
                    year: 2026,
                    month: 5,
                    day: 14,
                    day_name: Some(
                        "Thu",
                    ),
                    hour: Some(
                        9,
                    ),
                    minute: Some(
                        30,
                    ),
                },
            ),
            end: None,
            repeater: Some(
                TimestampRepeater {
                    kind: Cumulate,
                    value: 1,
                    unit: Day,
                },
            ),
            warning: None,
        },
        occurrence: Source,
        deadline: None,
    },
    AgendaEntry {
        ann: (),
        kind: Deadline,
        display_date: AgendaDate {
            year: 2026,
            month: 5,
            day: 15,
        },
        target_date: AgendaDate {
            year: 2026,
            month: 5,
            day: 16,
        },
        time: None,
        title: [
            Object {
                ann: (),
                data: Plain(
                    "Deadline warning ",
                ),
            },
        ],
        raw_title: "Deadline warning",
        level: 1,
        todo: Some(
            TodoKeyword {
                state: Todo,
                name: "TODO",
            },
        ),
        tags: [
            "ops",
        ],
        effective_tags: [
            "team",
            "ops",
        ],
        anchor: Some(
            "deadline-warning",
        ),
        timestamp: Timestamp {
            kind: Active,
            raw: "<2026-05-16 Sat -2d>",
            is_range: false,
            start: Some(
                TimestampMoment {
                    year: 2026,
                    month: 5,
                    day: 16,
                    day_name: Some(
                        "Sat",
                    ),
                    hour: None,
                    minute: None,
                },
            ),
            end: None,
            repeater: None,
            warning: Some(
                TimestampWarning {
                    kind: All,
                    value: 2,
                    unit: Day,
                },
            ),
        },
        occurrence: Source,
        deadline: Some(
            Warning {
                days_until: 1,
            },
        ),
    },
    AgendaEntry {
        ann: (),
        kind: Closed,
        display_date: AgendaDate {
            year: 2026,
            month: 5,
            day: 15,
        },
        target_date: AgendaDate {
            year: 2026,
            month: 5,
            day: 15,
        },
        time: None,
        title: [
            Object {
                ann: (),
                data: Plain(
                    "Closed audit",
                ),
            },
        ],
        raw_title: "Closed audit",
        level: 1,
        todo: Some(
            TodoKeyword {
                state: Todo,
                name: "TODO",
            },
        ),
        tags: [],
        effective_tags: [
            "team",
        ],
        anchor: Some(
            "closed-audit",
        ),
        timestamp: Timestamp {
            kind: Inactive,
            raw: "[2026-05-15 Fri]",
            is_range: false,
            start: Some(
                TimestampMoment {
                    year: 2026,
                    month: 5,
                    day: 15,
                    day_name: Some(
                        "Fri",
                    ),
                    hour: None,
                    minute: None,
                },
            ),
            end: None,
            repeater: None,
            warning: None,
        },
        occurrence: Source,
        deadline: None,
    },
    AgendaEntry {
        ann: (),
        kind: Scheduled,
        display_date: AgendaDate {
            year: 2026,
            month: 5,
            day: 15,
        },
        target_date: AgendaDate {
            year: 2026,
            month: 5,
            day: 15,
        },
        time: Some(
            AgendaTime {
                hour: 9,
                minute: 30,
            },
        ),
        title: [
            Object {
                ann: (),
                data: Plain(
                    "Scheduled daily ",
                ),
            },
        ],
        raw_title: "Scheduled daily",
        level: 1,
        todo: Some(
            TodoKeyword {
                state: Todo,
                name: "TODO",
            },
        ),
        tags: [
            "work",
        ],
        effective_tags: [
            "team",
            "work",
        ],
        anchor: Some(
            "scheduled-daily",
        ),
        timestamp: Timestamp {
            kind: Active,
            raw: "<2026-05-14 Thu 09:30 +1d>",
            is_range: false,
            start: Some(
                TimestampMoment {
                    year: 2026,
                    month: 5,
                    day: 14,
                    day_name: Some(
                        "Thu",
                    ),
                    hour: Some(
                        9,
                    ),
                    minute: Some(
                        30,
                    ),
                },
            ),
            end: None,
            repeater: Some(
                TimestampRepeater {
                    kind: Cumulate,
                    value: 1,
                    unit: Day,
                },
            ),
            warning: None,
        },
        occurrence: Repeater {
            index: 1,
        },
        deadline: None,
    },
    AgendaEntry {
        ann: (),
        kind: Deadline,
        display_date: AgendaDate {
            year: 2026,
            month: 5,
            day: 16,
        },
        target_date: AgendaDate {
            year: 2026,
            month: 5,
            day: 16,
        },
        time: None,
        title: [
            Object {
                ann: (),
                data: Plain(
                    "Deadline warning ",
                ),
            },
        ],
        raw_title: "Deadline warning",
        level: 1,
        todo: Some(
            TodoKeyword {
                state: Todo,
                name: "TODO",
            },
        ),
        tags: [
            "ops",
        ],
        effective_tags: [
            "team",
            "ops",
        ],
        anchor: Some(
            "deadline-warning",
        ),
        timestamp: Timestamp {
            kind: Active,
            raw: "<2026-05-16 Sat -2d>",
            is_range: false,
            start: Some(
                TimestampMoment {
                    year: 2026,
                    month: 5,
                    day: 16,
                    day_name: Some(
                        "Sat",
                    ),
                    hour: None,
                    minute: None,
                },
            ),
            end: None,
            repeater: None,
            warning: Some(
                TimestampWarning {
                    kind: All,
                    value: 2,
                    unit: Day,
                },
            ),
        },
        occurrence: Source,
        deadline: Some(
            Due,
        ),
    },
    AgendaEntry {
        ann: (),
        kind: Scheduled,
        display_date: AgendaDate {
            year: 2026,
            month: 5,
            day: 16,
        },
        target_date: AgendaDate {
            year: 2026,
            month: 5,
            day: 16,
        },
        time: Some(
            AgendaTime {
                hour: 9,
                minute: 30,
            },
        ),
        title: [
            Object {
                ann: (),
                data: Plain(
                    "Scheduled daily ",
                ),
            },
        ],
        raw_title: "Scheduled daily",
        level: 1,
        todo: Some(
            TodoKeyword {
                state: Todo,
                name: "TODO",
            },
        ),
        tags: [
            "work",
        ],
        effective_tags: [
            "team",
            "work",
        ],
        anchor: Some(
            "scheduled-daily",
        ),
        timestamp: Timestamp {
            kind: Active,
            raw: "<2026-05-14 Thu 09:30 +1d>",
            is_range: false,
            start: Some(
                TimestampMoment {
                    year: 2026,
                    month: 5,
                    day: 14,
                    day_name: Some(
                        "Thu",
                    ),
                    hour: Some(
                        9,
                    ),
                    minute: Some(
                        30,
                    ),
                },
            ),
            end: None,
            repeater: Some(
                TimestampRepeater {
                    kind: Cumulate,
                    value: 1,
                    unit: Day,
                },
            ),
            warning: None,
        },
        occurrence: Repeater {
            index: 2,
        },
        deadline: None,
    },
]
