---
source: tests/integration/org_event_aot_parity.rs
assertion_line: 52
expression: document.records()
---
[
    GraphRecord {
        id: 0,
        parent_id: None,
        child_ids: [
            1,
            2,
            6,
        ],
        syntax_kind: 0,
        category: "document",
        kind: "org-data",
        range: 0..509,
        fields: [],
    },
    GraphRecord {
        id: 1,
        parent_id: Some(
            0,
        ),
        child_ids: [],
        syntax_kind: 31,
        category: "element",
        kind: "keyword",
        range: 0..44,
        fields: [
            GraphFieldValue {
                name: "key",
                value: "title",
                range: 2..7,
            },
            GraphFieldValue {
                name: "value",
                value: "Consumer-owned Org Element queries",
                range: 9..43,
            },
            GraphFieldValue {
                name: "rich-value",
                value: "Consumer-owned Org Element queries",
                range: 9..43,
            },
            GraphFieldValue {
                name: "raw-value",
                value: " Consumer-owned Org Element queries",
                range: 8..43,
            },
        ],
    },
    GraphRecord {
        id: 2,
        parent_id: Some(
            0,
        ),
        child_ids: [
            3,
            5,
        ],
        syntax_kind: 75,
        category: "section",
        kind: "headline",
        range: 45..335,
        fields: [
            GraphFieldValue {
                name: "markers",
                value: "*",
                range: 45..46,
            },
            GraphFieldValue {
                name: "title",
                value: "Active reviews",
                range: 47..61,
            },
            GraphFieldValue {
                name: "title-body",
                value: "Active reviews",
                range: 47..61,
            },
        ],
    },
    GraphRecord {
        id: 3,
        parent_id: Some(
            2,
        ),
        child_ids: [
            4,
        ],
        syntax_kind: 21,
        category: "element",
        kind: "property-drawer",
        range: 62..115,
        fields: [],
    },
    GraphRecord {
        id: 4,
        parent_id: Some(
            3,
        ),
        child_ids: [],
        syntax_kind: 23,
        category: "property",
        kind: "node-property",
        range: 75..109,
        fields: [
            GraphFieldValue {
                name: "key",
                value: "QUERY_ID",
                range: 76..84,
            },
            GraphFieldValue {
                name: "value",
                value: "customer.active-review",
                range: 86..108,
            },
        ],
    },
    GraphRecord {
        id: 5,
        parent_id: Some(
            2,
        ),
        child_ids: [],
        syntax_kind: 10,
        category: "element",
        kind: "src-block",
        range: 116..334,
        fields: [
            GraphFieldValue {
                name: "header",
                value: "  :org-elements\n",
                range: 127..149,
            },
            GraphFieldValue {
                name: "language",
                value: "scheme",
                range: 128..134,
            },
            GraphFieldValue {
                name: "header-key",
                value: "org-elements",
                range: 136..148,
            },
            GraphFieldValue {
                name: "body",
                value: "(org-elements headline\n              (all-of (property todo-type \"todo\")\n                      (property-contains source-title \"Review\"))\n              (descendant-of scope))\n",
                range: 149..324,
            },
            GraphFieldValue {
                name: "raw-body",
                value: "(org-elements headline\n              (all-of (property todo-type \"todo\")\n                      (property-contains source-title \"Review\"))\n              (descendant-of scope))\n",
                range: 149..324,
            },
        ],
    },
    GraphRecord {
        id: 6,
        parent_id: Some(
            0,
        ),
        child_ids: [
            7,
            9,
        ],
        syntax_kind: 75,
        category: "section",
        kind: "headline",
        range: 335..509,
        fields: [
            GraphFieldValue {
                name: "markers",
                value: "*",
                range: 335..336,
            },
            GraphFieldValue {
                name: "title",
                value: "Cited evidence",
                range: 337..351,
            },
            GraphFieldValue {
                name: "title-body",
                value: "Cited evidence",
                range: 337..351,
            },
        ],
    },
    GraphRecord {
        id: 7,
        parent_id: Some(
            6,
        ),
        child_ids: [
            8,
        ],
        syntax_kind: 21,
        category: "element",
        kind: "property-drawer",
        range: 352..406,
        fields: [],
    },
    GraphRecord {
        id: 8,
        parent_id: Some(
            7,
        ),
        child_ids: [],
        syntax_kind: 23,
        category: "property",
        kind: "node-property",
        range: 365..400,
        fields: [
            GraphFieldValue {
                name: "key",
                value: "QUERY_ID",
                range: 366..374,
            },
            GraphFieldValue {
                name: "value",
                value: "customer.cited-evidence",
                range: 376..399,
            },
        ],
    },
    GraphRecord {
        id: 9,
        parent_id: Some(
            6,
        ),
        child_ids: [],
        syntax_kind: 10,
        category: "element",
        kind: "src-block",
        range: 407..509,
        fields: [
            GraphFieldValue {
                name: "header",
                value: "  :org-elements\n",
                range: 418..440,
            },
            GraphFieldValue {
                name: "language",
                value: "scheme",
                range: 419..425,
            },
            GraphFieldValue {
                name: "header-key",
                value: "org-elements",
                range: 427..439,
            },
            GraphFieldValue {
                name: "body",
                value: "(org-elements citation-reference (property key \"doe2020\"))\n",
                range: 440..499,
            },
            GraphFieldValue {
                name: "raw-body",
                value: "(org-elements citation-reference (property key \"doe2020\"))\n",
                range: 440..499,
            },
        ],
    },
]
