---
source: tests/integration/lint_fmt.rs
expression: "format!(\"clean: {}\\n{}\", report.is_clean(), report.to_text(\"fixture.org\"))"
---
clean: false
fixture.org:3:6: error ORG002: target `id:shared` is defined 2 times
fixture.org:9:1: error ORG001: internal link target `fn:missing` was not found
