---
source: tests/integration/markdown.rs
expression: "Org::parse(r#\"\n* Title\nParagraph with *bold*, /italic/, =verbatim=, ~code~, \\alpha{}, and <2026-05-11 Mon>.\n\nVisit [[https://example.com?a=1&b=2][Example]] and [[file:plot.png]].\n\nHard line\\\\\nbreak.\n\n#+begin_quote\nQuoted\ntext.\n#+end_quote\n\n+ first\n+ second\n\"#).to_markdown()"
---
# Title
Paragraph with **bold**, *italic*, `verbatim`, `code`, α, and <2026-05-11 Mon>.

Visit [Example](https://example.com?a=1&b=2) and ![](plot.png).

Hard line\
break.

> Quoted
> text.

+ first

+ second
