---
source: tests/integration/org_event_aot_parity.rs
assertion_line: 49
expression: document.records()
---
[
    GraphRecord {
        id: 0,
        parent_id: None,
        child_ids: [
            1,
            2,
            3,
            27,
        ],
        syntax_kind: 0,
        category: "document",
        kind: "org-data",
        range: TextRange {
            start: TextSize(
                0,
            ),
            end: TextSize(
                701,
            ),
        },
        fields: [],
    },
    GraphRecord {
        id: 1,
        parent_id: Some(
            0,
        ),
        child_ids: [],
        syntax_kind: 31,
        category: "element",
        kind: "keyword",
        range: TextRange {
            start: TextSize(
                0,
            ),
            end: TextSize(
                43,
            ),
        },
        fields: [
            GraphFieldValue {
                name: "key",
                value: "TITLE",
                range: TextRange {
                    start: TextSize(
                        2,
                    ),
                    end: TextSize(
                        7,
                    ),
                },
            },
            GraphFieldValue {
                name: "value",
                value: "Git-scoped Org element regression",
                range: TextRange {
                    start: TextSize(
                        9,
                    ),
                    end: TextSize(
                        42,
                    ),
                },
            },
            GraphFieldValue {
                name: "rich-value",
                value: "Git-scoped Org element regression",
                range: TextRange {
                    start: TextSize(
                        9,
                    ),
                    end: TextSize(
                        42,
                    ),
                },
            },
            GraphFieldValue {
                name: "raw-value",
                value: " Git-scoped Org element regression",
                range: TextRange {
                    start: TextSize(
                        8,
                    ),
                    end: TextSize(
                        42,
                    ),
                },
            },
        ],
    },
    GraphRecord {
        id: 2,
        parent_id: Some(
            0,
        ),
        child_ids: [],
        syntax_kind: 31,
        category: "element",
        kind: "keyword",
        range: TextRange {
            start: TextSize(
                43,
            ),
            end: TextSize(
                62,
            ),
        },
        fields: [
            GraphFieldValue {
                name: "key",
                value: "OPTIONS",
                range: TextRange {
                    start: TextSize(
                        45,
                    ),
                    end: TextSize(
                        52,
                    ),
                },
            },
            GraphFieldValue {
                name: "value",
                value: "toc:nil",
                range: TextRange {
                    start: TextSize(
                        54,
                    ),
                    end: TextSize(
                        61,
                    ),
                },
            },
            GraphFieldValue {
                name: "raw-value",
                value: " toc:nil",
                range: TextRange {
                    start: TextSize(
                        53,
                    ),
                    end: TextSize(
                        61,
                    ),
                },
            },
        ],
    },
    GraphRecord {
        id: 3,
        parent_id: Some(
            0,
        ),
        child_ids: [
            4,
            8,
            12,
        ],
        syntax_kind: 84,
        category: "section",
        kind: "headline",
        range: TextRange {
            start: TextSize(
                63,
            ),
            end: TextSize(
                448,
            ),
        },
        fields: [
            GraphFieldValue {
                name: "markers",
                value: "*",
                range: TextRange {
                    start: TextSize(
                        63,
                    ),
                    end: TextSize(
                        64,
                    ),
                },
            },
            GraphFieldValue {
                name: "title",
                value: "Introduction",
                range: TextRange {
                    start: TextSize(
                        65,
                    ),
                    end: TextSize(
                        77,
                    ),
                },
            },
            GraphFieldValue {
                name: "title-body",
                value: "Introduction",
                range: TextRange {
                    start: TextSize(
                        65,
                    ),
                    end: TextSize(
                        77,
                    ),
                },
            },
        ],
    },
    GraphRecord {
        id: 4,
        parent_id: Some(
            3,
        ),
        child_ids: [
            5,
            6,
            7,
        ],
        syntax_kind: 25,
        category: "element",
        kind: "paragraph",
        range: TextRange {
            start: TextSize(
                79,
            ),
            end: TextSize(
                184,
            ),
        },
        fields: [],
    },
    GraphRecord {
        id: 5,
        parent_id: Some(
            4,
        ),
        child_ids: [],
        syntax_kind: 49,
        category: "object",
        kind: "link",
        range: TextRange {
            start: TextSize(
                105,
            ),
            end: TextSize(
                134,
            ),
        },
        fields: [
            GraphFieldValue {
                name: "path",
                value: "https://orgmode.org",
                range: TextRange {
                    start: TextSize(
                        107,
                    ),
                    end: TextSize(
                        126,
                    ),
                },
            },
            GraphFieldValue {
                name: "description",
                value: "link",
                range: TextRange {
                    start: TextSize(
                        128,
                    ),
                    end: TextSize(
                        132,
                    ),
                },
            },
        ],
    },
    GraphRecord {
        id: 6,
        parent_id: Some(
            4,
        ),
        child_ids: [],
        syntax_kind: 78,
        category: "object",
        kind: "bold",
        range: TextRange {
            start: TextSize(
                136,
            ),
            end: TextSize(
                142,
            ),
        },
        fields: [
            GraphFieldValue {
                name: "value",
                value: "bold",
                range: TextRange {
                    start: TextSize(
                        137,
                    ),
                    end: TextSize(
                        141,
                    ),
                },
            },
        ],
    },
    GraphRecord {
        id: 7,
        parent_id: Some(
            4,
        ),
        child_ids: [],
        syntax_kind: 70,
        category: "object",
        kind: "timestamp",
        range: TextRange {
            start: TextSize(
                165,
            ),
            end: TextSize(
                181,
            ),
        },
        fields: [
            GraphFieldValue {
                name: "delimiter",
                value: "<",
                range: TextRange {
                    start: TextSize(
                        165,
                    ),
                    end: TextSize(
                        166,
                    ),
                },
            },
            GraphFieldValue {
                name: "year",
                value: "2026",
                range: TextRange {
                    start: TextSize(
                        166,
                    ),
                    end: TextSize(
                        170,
                    ),
                },
            },
            GraphFieldValue {
                name: "month",
                value: "09",
                range: TextRange {
                    start: TextSize(
                        171,
                    ),
                    end: TextSize(
                        173,
                    ),
                },
            },
            GraphFieldValue {
                name: "day",
                value: "23",
                range: TextRange {
                    start: TextSize(
                        174,
                    ),
                    end: TextSize(
                        176,
                    ),
                },
            },
            GraphFieldValue {
                name: "date",
                value: "2026-09-23",
                range: TextRange {
                    start: TextSize(
                        166,
                    ),
                    end: TextSize(
                        176,
                    ),
                },
            },
            GraphFieldValue {
                name: "day-name",
                value: "Wed",
                range: TextRange {
                    start: TextSize(
                        177,
                    ),
                    end: TextSize(
                        180,
                    ),
                },
            },
            GraphFieldValue {
                name: "delimiter",
                value: ">",
                range: TextRange {
                    start: TextSize(
                        180,
                    ),
                    end: TextSize(
                        181,
                    ),
                },
            },
            GraphFieldValue {
                name: "point",
                value: "<2026-09-23 Wed>",
                range: TextRange {
                    start: TextSize(
                        165,
                    ),
                    end: TextSize(
                        181,
                    ),
                },
            },
        ],
    },
    GraphRecord {
        id: 8,
        parent_id: Some(
            3,
        ),
        child_ids: [
            9,
            10,
            11,
        ],
        syntax_kind: 84,
        category: "section",
        kind: "headline",
        range: TextRange {
            start: TextSize(
                184,
            ),
            end: TextSize(
                331,
            ),
        },
        fields: [
            GraphFieldValue {
                name: "markers",
                value: "**",
                range: TextRange {
                    start: TextSize(
                        184,
                    ),
                    end: TextSize(
                        186,
                    ),
                },
            },
            GraphFieldValue {
                name: "title",
                value: "Source blocks",
                range: TextRange {
                    start: TextSize(
                        187,
                    ),
                    end: TextSize(
                        200,
                    ),
                },
            },
            GraphFieldValue {
                name: "title-body",
                value: "Source blocks",
                range: TextRange {
                    start: TextSize(
                        187,
                    ),
                    end: TextSize(
                        200,
                    ),
                },
            },
        ],
    },
    GraphRecord {
        id: 9,
        parent_id: Some(
            8,
        ),
        child_ids: [],
        syntax_kind: 31,
        category: "element",
        kind: "keyword",
        range: TextRange {
            start: TextSize(
                202,
            ),
            end: TextSize(
                223,
            ),
        },
        fields: [
            GraphFieldValue {
                name: "key",
                value: "NAME",
                range: TextRange {
                    start: TextSize(
                        204,
                    ),
                    end: TextSize(
                        208,
                    ),
                },
            },
            GraphFieldValue {
                name: "value",
                value: "example-code",
                range: TextRange {
                    start: TextSize(
                        210,
                    ),
                    end: TextSize(
                        222,
                    ),
                },
            },
            GraphFieldValue {
                name: "raw-value",
                value: " example-code",
                range: TextRange {
                    start: TextSize(
                        209,
                    ),
                    end: TextSize(
                        222,
                    ),
                },
            },
        ],
    },
    GraphRecord {
        id: 10,
        parent_id: Some(
            8,
        ),
        child_ids: [],
        syntax_kind: 31,
        category: "element",
        kind: "keyword",
        range: TextRange {
            start: TextSize(
                223,
            ),
            end: TextSize(
                276,
            ),
        },
        fields: [
            GraphFieldValue {
                name: "key",
                value: "CAPTION",
                range: TextRange {
                    start: TextSize(
                        225,
                    ),
                    end: TextSize(
                        232,
                    ),
                },
            },
            GraphFieldValue {
                name: "value",
                value: "A source block in the regression document",
                range: TextRange {
                    start: TextSize(
                        234,
                    ),
                    end: TextSize(
                        275,
                    ),
                },
            },
            GraphFieldValue {
                name: "rich-value",
                value: "A source block in the regression document",
                range: TextRange {
                    start: TextSize(
                        234,
                    ),
                    end: TextSize(
                        275,
                    ),
                },
            },
            GraphFieldValue {
                name: "raw-value",
                value: " A source block in the regression document",
                range: TextRange {
                    start: TextSize(
                        233,
                    ),
                    end: TextSize(
                        275,
                    ),
                },
            },
        ],
    },
    GraphRecord {
        id: 11,
        parent_id: Some(
            8,
        ),
        child_ids: [],
        syntax_kind: 10,
        category: "element",
        kind: "src-block",
        range: TextRange {
            start: TextSize(
                276,
            ),
            end: TextSize(
                330,
            ),
        },
        fields: [
            GraphFieldValue {
                name: "header",
                value: " \n",
                range: TextRange {
                    start: TextSize(
                        287,
                    ),
                    end: TextSize(
                        293,
                    ),
                },
            },
            GraphFieldValue {
                name: "language",
                value: "text",
                range: TextRange {
                    start: TextSize(
                        288,
                    ),
                    end: TextSize(
                        292,
                    ),
                },
            },
            GraphFieldValue {
                name: "body",
                value: "this line is block content\n",
                range: TextRange {
                    start: TextSize(
                        293,
                    ),
                    end: TextSize(
                        320,
                    ),
                },
            },
            GraphFieldValue {
                name: "raw-body",
                value: "this line is block content\n",
                range: TextRange {
                    start: TextSize(
                        293,
                    ),
                    end: TextSize(
                        320,
                    ),
                },
            },
        ],
    },
    GraphRecord {
        id: 12,
        parent_id: Some(
            3,
        ),
        child_ids: [
            13,
            19,
        ],
        syntax_kind: 84,
        category: "section",
        kind: "headline",
        range: TextRange {
            start: TextSize(
                331,
            ),
            end: TextSize(
                448,
            ),
        },
        fields: [
            GraphFieldValue {
                name: "markers",
                value: "**",
                range: TextRange {
                    start: TextSize(
                        331,
                    ),
                    end: TextSize(
                        333,
                    ),
                },
            },
            GraphFieldValue {
                name: "title",
                value: "Lists and tables",
                range: TextRange {
                    start: TextSize(
                        334,
                    ),
                    end: TextSize(
                        350,
                    ),
                },
            },
            GraphFieldValue {
                name: "title-body",
                value: "Lists and tables",
                range: TextRange {
                    start: TextSize(
                        334,
                    ),
                    end: TextSize(
                        350,
                    ),
                },
            },
        ],
    },
    GraphRecord {
        id: 13,
        parent_id: Some(
            12,
        ),
        child_ids: [
            14,
            16,
        ],
        syntax_kind: 37,
        category: "element",
        kind: "plain-list",
        range: TextRange {
            start: TextSize(
                352,
            ),
            end: TextSize(
                396,
            ),
        },
        fields: [],
    },
    GraphRecord {
        id: 14,
        parent_id: Some(
            13,
        ),
        child_ids: [
            15,
        ],
        syntax_kind: 38,
        category: "element",
        kind: "item",
        range: TextRange {
            start: TextSize(
                352,
            ),
            end: TextSize(
                365,
            ),
        },
        fields: [
            GraphFieldValue {
                name: "bullet",
                value: "- ",
                range: TextRange {
                    start: TextSize(
                        352,
                    ),
                    end: TextSize(
                        354,
                    ),
                },
            },
        ],
    },
    GraphRecord {
        id: 15,
        parent_id: Some(
            14,
        ),
        child_ids: [],
        syntax_kind: 25,
        category: "element",
        kind: "paragraph",
        range: TextRange {
            start: TextSize(
                354,
            ),
            end: TextSize(
                365,
            ),
        },
        fields: [],
    },
    GraphRecord {
        id: 16,
        parent_id: Some(
            13,
        ),
        child_ids: [
            17,
        ],
        syntax_kind: 38,
        category: "element",
        kind: "item",
        range: TextRange {
            start: TextSize(
                365,
            ),
            end: TextSize(
                396,
            ),
        },
        fields: [
            GraphFieldValue {
                name: "bullet",
                value: "- ",
                range: TextRange {
                    start: TextSize(
                        365,
                    ),
                    end: TextSize(
                        367,
                    ),
                },
            },
            GraphFieldValue {
                name: "trivia",
                value: "\n",
                range: TextRange {
                    start: TextSize(
                        395,
                    ),
                    end: TextSize(
                        396,
                    ),
                },
            },
        ],
    },
    GraphRecord {
        id: 17,
        parent_id: Some(
            16,
        ),
        child_ids: [
            18,
        ],
        syntax_kind: 25,
        category: "element",
        kind: "paragraph",
        range: TextRange {
            start: TextSize(
                367,
            ),
            end: TextSize(
                395,
            ),
        },
        fields: [],
    },
    GraphRecord {
        id: 18,
        parent_id: Some(
            17,
        ),
        child_ids: [],
        syntax_kind: 79,
        category: "object",
        kind: "italic",
        range: TextRange {
            start: TextSize(
                384,
            ),
            end: TextSize(
                394,
            ),
        },
        fields: [
            GraphFieldValue {
                name: "value",
                value: "emphasis",
                range: TextRange {
                    start: TextSize(
                        385,
                    ),
                    end: TextSize(
                        393,
                    ),
                },
            },
        ],
    },
    GraphRecord {
        id: 19,
        parent_id: Some(
            12,
        ),
        child_ids: [
            20,
            23,
            24,
        ],
        syntax_kind: 39,
        category: "element",
        kind: "table",
        range: TextRange {
            start: TextSize(
                396,
            ),
            end: TextSize(
                447,
            ),
        },
        fields: [],
    },
    GraphRecord {
        id: 20,
        parent_id: Some(
            19,
        ),
        child_ids: [
            21,
            22,
        ],
        syntax_kind: 41,
        category: "element",
        kind: "table-row",
        range: TextRange {
            start: TextSize(
                396,
            ),
            end: TextSize(
                413,
            ),
        },
        fields: [],
    },
    GraphRecord {
        id: 21,
        parent_id: Some(
            20,
        ),
        child_ids: [],
        syntax_kind: 43,
        category: "object",
        kind: "table-cell",
        range: TextRange {
            start: TextSize(
                397,
            ),
            end: TextSize(
                403,
            ),
        },
        fields: [
            GraphFieldValue {
                name: "content",
                value: "Name",
                range: TextRange {
                    start: TextSize(
                        398,
                    ),
                    end: TextSize(
                        402,
                    ),
                },
            },
            GraphFieldValue {
                name: "text",
                value: " Name ",
                range: TextRange {
                    start: TextSize(
                        397,
                    ),
                    end: TextSize(
                        403,
                    ),
                },
            },
        ],
    },
    GraphRecord {
        id: 22,
        parent_id: Some(
            20,
        ),
        child_ids: [],
        syntax_kind: 43,
        category: "object",
        kind: "table-cell",
        range: TextRange {
            start: TextSize(
                404,
            ),
            end: TextSize(
                411,
            ),
        },
        fields: [
            GraphFieldValue {
                name: "content",
                value: "Value",
                range: TextRange {
                    start: TextSize(
                        405,
                    ),
                    end: TextSize(
                        410,
                    ),
                },
            },
            GraphFieldValue {
                name: "text",
                value: " Value ",
                range: TextRange {
                    start: TextSize(
                        404,
                    ),
                    end: TextSize(
                        411,
                    ),
                },
            },
        ],
    },
    GraphRecord {
        id: 23,
        parent_id: Some(
            19,
        ),
        child_ids: [],
        syntax_kind: 42,
        category: "element",
        kind: "table-rule-row",
        range: TextRange {
            start: TextSize(
                413,
            ),
            end: TextSize(
                430,
            ),
        },
        fields: [],
    },
    GraphRecord {
        id: 24,
        parent_id: Some(
            19,
        ),
        child_ids: [
            25,
            26,
        ],
        syntax_kind: 41,
        category: "element",
        kind: "table-row",
        range: TextRange {
            start: TextSize(
                430,
            ),
            end: TextSize(
                447,
            ),
        },
        fields: [],
    },
    GraphRecord {
        id: 25,
        parent_id: Some(
            24,
        ),
        child_ids: [],
        syntax_kind: 43,
        category: "object",
        kind: "table-cell",
        range: TextRange {
            start: TextSize(
                431,
            ),
            end: TextSize(
                437,
            ),
        },
        fields: [
            GraphFieldValue {
                name: "content",
                value: "one",
                range: TextRange {
                    start: TextSize(
                        432,
                    ),
                    end: TextSize(
                        435,
                    ),
                },
            },
            GraphFieldValue {
                name: "text",
                value: " one  ",
                range: TextRange {
                    start: TextSize(
                        431,
                    ),
                    end: TextSize(
                        437,
                    ),
                },
            },
        ],
    },
    GraphRecord {
        id: 26,
        parent_id: Some(
            24,
        ),
        child_ids: [],
        syntax_kind: 43,
        category: "object",
        kind: "table-cell",
        range: TextRange {
            start: TextSize(
                438,
            ),
            end: TextSize(
                445,
            ),
        },
        fields: [
            GraphFieldValue {
                name: "content",
                value: "1",
                range: TextRange {
                    start: TextSize(
                        443,
                    ),
                    end: TextSize(
                        444,
                    ),
                },
            },
            GraphFieldValue {
                name: "text",
                value: "     1 ",
                range: TextRange {
                    start: TextSize(
                        438,
                    ),
                    end: TextSize(
                        445,
                    ),
                },
            },
        ],
    },
    GraphRecord {
        id: 27,
        parent_id: Some(
            0,
        ),
        child_ids: [
            28,
            30,
            32,
            34,
            36,
        ],
        syntax_kind: 84,
        category: "section",
        kind: "headline",
        range: TextRange {
            start: TextSize(
                448,
            ),
            end: TextSize(
                701,
            ),
        },
        fields: [
            GraphFieldValue {
                name: "markers",
                value: "*",
                range: TextRange {
                    start: TextSize(
                        448,
                    ),
                    end: TextSize(
                        449,
                    ),
                },
            },
            GraphFieldValue {
                name: "title",
                value: "Planning",
                range: TextRange {
                    start: TextSize(
                        450,
                    ),
                    end: TextSize(
                        458,
                    ),
                },
            },
            GraphFieldValue {
                name: "title-body",
                value: "Planning",
                range: TextRange {
                    start: TextSize(
                        450,
                    ),
                    end: TextSize(
                        458,
                    ),
                },
            },
        ],
    },
    GraphRecord {
        id: 28,
        parent_id: Some(
            27,
        ),
        child_ids: [
            29,
        ],
        syntax_kind: 33,
        category: "element",
        kind: "planning",
        range: TextRange {
            start: TextSize(
                459,
            ),
            end: TextSize(
                487,
            ),
        },
        fields: [
            GraphFieldValue {
                name: "key",
                value: "SCHEDULED",
                range: TextRange {
                    start: TextSize(
                        459,
                    ),
                    end: TextSize(
                        468,
                    ),
                },
            },
            GraphFieldValue {
                name: "value",
                value: "<2026-09-24 Thu>",
                range: TextRange {
                    start: TextSize(
                        470,
                    ),
                    end: TextSize(
                        486,
                    ),
                },
            },
        ],
    },
    GraphRecord {
        id: 29,
        parent_id: Some(
            28,
        ),
        child_ids: [],
        syntax_kind: 70,
        category: "object",
        kind: "timestamp",
        range: TextRange {
            start: TextSize(
                470,
            ),
            end: TextSize(
                486,
            ),
        },
        fields: [
            GraphFieldValue {
                name: "delimiter",
                value: "<",
                range: TextRange {
                    start: TextSize(
                        470,
                    ),
                    end: TextSize(
                        471,
                    ),
                },
            },
            GraphFieldValue {
                name: "year",
                value: "2026",
                range: TextRange {
                    start: TextSize(
                        471,
                    ),
                    end: TextSize(
                        475,
                    ),
                },
            },
            GraphFieldValue {
                name: "month",
                value: "09",
                range: TextRange {
                    start: TextSize(
                        476,
                    ),
                    end: TextSize(
                        478,
                    ),
                },
            },
            GraphFieldValue {
                name: "day",
                value: "24",
                range: TextRange {
                    start: TextSize(
                        479,
                    ),
                    end: TextSize(
                        481,
                    ),
                },
            },
            GraphFieldValue {
                name: "date",
                value: "2026-09-24",
                range: TextRange {
                    start: TextSize(
                        471,
                    ),
                    end: TextSize(
                        481,
                    ),
                },
            },
            GraphFieldValue {
                name: "day-name",
                value: "Thu",
                range: TextRange {
                    start: TextSize(
                        482,
                    ),
                    end: TextSize(
                        485,
                    ),
                },
            },
            GraphFieldValue {
                name: "delimiter",
                value: ">",
                range: TextRange {
                    start: TextSize(
                        485,
                    ),
                    end: TextSize(
                        486,
                    ),
                },
            },
            GraphFieldValue {
                name: "point",
                value: "<2026-09-24 Thu>",
                range: TextRange {
                    start: TextSize(
                        470,
                    ),
                    end: TextSize(
                        486,
                    ),
                },
            },
        ],
    },
    GraphRecord {
        id: 30,
        parent_id: Some(
            27,
        ),
        child_ids: [
            31,
        ],
        syntax_kind: 21,
        category: "element",
        kind: "property-drawer",
        range: TextRange {
            start: TextSize(
                487,
            ),
            end: TextSize(
                536,
            ),
        },
        fields: [],
    },
    GraphRecord {
        id: 31,
        parent_id: Some(
            30,
        ),
        child_ids: [],
        syntax_kind: 23,
        category: "property",
        kind: "node-property",
        range: TextRange {
            start: TextSize(
                500,
            ),
            end: TextSize(
                530,
            ),
        },
        fields: [
            GraphFieldValue {
                name: "key",
                value: "ID",
                range: TextRange {
                    start: TextSize(
                        501,
                    ),
                    end: TextSize(
                        503,
                    ),
                },
            },
            GraphFieldValue {
                name: "value",
                value: "git-scoped-fixture",
                range: TextRange {
                    start: TextSize(
                        511,
                    ),
                    end: TextSize(
                        529,
                    ),
                },
            },
        ],
    },
    GraphRecord {
        id: 32,
        parent_id: Some(
            27,
        ),
        child_ids: [
            33,
        ],
        syntax_kind: 22,
        category: "element",
        kind: "drawer",
        range: TextRange {
            start: TextSize(
                537,
            ),
            end: TextSize(
                593,
            ),
        },
        fields: [
            GraphFieldValue {
                name: "name",
                value: "LOGBOOK",
                range: TextRange {
                    start: TextSize(
                        538,
                    ),
                    end: TextSize(
                        545,
                    ),
                },
            },
            GraphFieldValue {
                name: "header-trivia",
                value: ":\n",
                range: TextRange {
                    start: TextSize(
                        545,
                    ),
                    end: TextSize(
                        547,
                    ),
                },
            },
            GraphFieldValue {
                name: "end",
                value: ":END:\n",
                range: TextRange {
                    start: TextSize(
                        587,
                    ),
                    end: TextSize(
                        593,
                    ),
                },
            },
        ],
    },
    GraphRecord {
        id: 33,
        parent_id: Some(
            32,
        ),
        child_ids: [],
        syntax_kind: 25,
        category: "element",
        kind: "paragraph",
        range: TextRange {
            start: TextSize(
                547,
            ),
            end: TextSize(
                587,
            ),
        },
        fields: [],
    },
    GraphRecord {
        id: 34,
        parent_id: Some(
            27,
        ),
        child_ids: [
            35,
        ],
        syntax_kind: 25,
        category: "element",
        kind: "paragraph",
        range: TextRange {
            start: TextSize(
                594,
            ),
            end: TextSize(
                650,
            ),
        },
        fields: [],
    },
    GraphRecord {
        id: 35,
        parent_id: Some(
            34,
        ),
        child_ids: [],
        syntax_kind: 55,
        category: "object",
        kind: "footnote-reference",
        range: TextRange {
            start: TextSize(
                638,
            ),
            end: TextSize(
                647,
            ),
        },
        fields: [
            GraphFieldValue {
                name: "label",
                value: "note",
                range: TextRange {
                    start: TextSize(
                        642,
                    ),
                    end: TextSize(
                        646,
                    ),
                },
            },
        ],
    },
    GraphRecord {
        id: 36,
        parent_id: Some(
            27,
        ),
        child_ids: [
            37,
        ],
        syntax_kind: 26,
        category: "element",
        kind: "footnote-definition",
        range: TextRange {
            start: TextSize(
                650,
            ),
            end: TextSize(
                701,
            ),
        },
        fields: [
            GraphFieldValue {
                name: "label",
                value: "note",
                range: TextRange {
                    start: TextSize(
                        654,
                    ),
                    end: TextSize(
                        658,
                    ),
                },
            },
        ],
    },
    GraphRecord {
        id: 37,
        parent_id: Some(
            36,
        ),
        child_ids: [],
        syntax_kind: 25,
        category: "element",
        kind: "paragraph",
        range: TextRange {
            start: TextSize(
                659,
            ),
            end: TextSize(
                701,
            ),
        },
        fields: [],
    },
]
