---
source: tests/integration/org_event_aot_parity.rs
assertion_line: 52
expression: document.records()
---
[
    GraphRecord {
        id: 0,
        parent_id: None,
        child_ids: [
            1,
            5,
            15,
            19,
        ],
        syntax_kind: 0,
        category: "document",
        kind: "org-data",
        range: 0..504,
        fields: [],
    },
    GraphRecord {
        id: 1,
        parent_id: Some(
            0,
        ),
        child_ids: [
            2,
            3,
            4,
        ],
        syntax_kind: 21,
        category: "element",
        kind: "property-drawer",
        range: 0..128,
        fields: [],
    },
    GraphRecord {
        id: 2,
        parent_id: Some(
            1,
        ),
        child_ids: [],
        syntax_kind: 23,
        category: "property",
        kind: "node-property",
        range: 13..46,
        fields: [
            GraphFieldValue {
                name: "key",
                value: "CONTRACT_ORG",
                range: 14..26,
            },
            GraphFieldValue {
                name: "value",
                value: "document.scope.v1",
                range: 28..45,
            },
        ],
    },
    GraphRecord {
        id: 3,
        parent_id: Some(
            1,
        ),
        child_ids: [],
        syntax_kind: 23,
        category: "property",
        kind: "node-property",
        range: 46..90,
        fields: [
            GraphFieldValue {
                name: "key",
                value: "CONTRACT_ORG",
                range: 47..59,
            },
            GraphFieldValue {
                name: "value",
                value: "document.contract-binding.v1",
                range: 61..89,
            },
        ],
    },
    GraphRecord {
        id: 4,
        parent_id: Some(
            1,
        ),
        child_ids: [],
        syntax_kind: 23,
        category: "property",
        kind: "node-property",
        range: 90..122,
        fields: [
            GraphFieldValue {
                name: "key",
                value: "CONTRACT_ORG",
                range: 91..103,
            },
            GraphFieldValue {
                name: "value",
                value: "section.scope.v1",
                range: 105..121,
            },
        ],
    },
    GraphRecord {
        id: 5,
        parent_id: Some(
            0,
        ),
        child_ids: [
            6,
            9,
        ],
        syntax_kind: 75,
        category: "section",
        kind: "headline",
        range: 128..294,
        fields: [
            GraphFieldValue {
                name: "markers",
                value: "*",
                range: 128..129,
            },
            GraphFieldValue {
                name: "title",
                value: "Task A",
                range: 130..136,
            },
            GraphFieldValue {
                name: "title-body",
                value: "Task A",
                range: 130..136,
            },
        ],
    },
    GraphRecord {
        id: 6,
        parent_id: Some(
            5,
        ),
        child_ids: [
            7,
        ],
        syntax_kind: 75,
        category: "section",
        kind: "headline",
        range: 137..182,
        fields: [
            GraphFieldValue {
                name: "markers",
                value: "**",
                range: 137..139,
            },
            GraphFieldValue {
                name: "title",
                value: "Evidence",
                range: 140..148,
            },
            GraphFieldValue {
                name: "title-body",
                value: "Evidence",
                range: 140..148,
            },
        ],
    },
    GraphRecord {
        id: 7,
        parent_id: Some(
            6,
        ),
        child_ids: [
            8,
        ],
        syntax_kind: 25,
        category: "element",
        kind: "paragraph",
        range: 149..182,
        fields: [],
    },
    GraphRecord {
        id: 8,
        parent_id: Some(
            7,
        ),
        child_ids: [],
        syntax_kind: 44,
        category: "object",
        kind: "link",
        range: 149..181,
        fields: [
            GraphFieldValue {
                name: "path",
                value: "https://example.test",
                range: 151..171,
            },
            GraphFieldValue {
                name: "description",
                value: "inside",
                range: 173..179,
            },
        ],
    },
    GraphRecord {
        id: 9,
        parent_id: Some(
            5,
        ),
        child_ids: [
            10,
            12,
        ],
        syntax_kind: 75,
        category: "section",
        kind: "headline",
        range: 182..294,
        fields: [
            GraphFieldValue {
                name: "markers",
                value: "**",
                range: 182..184,
            },
            GraphFieldValue {
                name: "title",
                value: "Task A Child",
                range: 185..197,
            },
            GraphFieldValue {
                name: "title-body",
                value: "Task A Child",
                range: 185..197,
            },
        ],
    },
    GraphRecord {
        id: 10,
        parent_id: Some(
            9,
        ),
        child_ids: [
            11,
        ],
        syntax_kind: 21,
        category: "element",
        kind: "property-drawer",
        range: 198..249,
        fields: [],
    },
    GraphRecord {
        id: 11,
        parent_id: Some(
            10,
        ),
        child_ids: [],
        syntax_kind: 23,
        category: "property",
        kind: "node-property",
        range: 211..243,
        fields: [
            GraphFieldValue {
                name: "key",
                value: "CONTRACT_ORG",
                range: 212..224,
            },
            GraphFieldValue {
                name: "value",
                value: "section.scope.v1",
                range: 226..242,
            },
        ],
    },
    GraphRecord {
        id: 12,
        parent_id: Some(
            9,
        ),
        child_ids: [
            13,
        ],
        syntax_kind: 75,
        category: "section",
        kind: "headline",
        range: 249..294,
        fields: [
            GraphFieldValue {
                name: "markers",
                value: "***",
                range: 249..252,
            },
            GraphFieldValue {
                name: "title",
                value: "Evidence",
                range: 253..261,
            },
            GraphFieldValue {
                name: "title-body",
                value: "Evidence",
                range: 253..261,
            },
        ],
    },
    GraphRecord {
        id: 13,
        parent_id: Some(
            12,
        ),
        child_ids: [
            14,
        ],
        syntax_kind: 25,
        category: "element",
        kind: "paragraph",
        range: 262..294,
        fields: [],
    },
    GraphRecord {
        id: 14,
        parent_id: Some(
            13,
        ),
        child_ids: [],
        syntax_kind: 44,
        category: "object",
        kind: "link",
        range: 262..293,
        fields: [
            GraphFieldValue {
                name: "path",
                value: "https://example.test",
                range: 264..284,
            },
            GraphFieldValue {
                name: "description",
                value: "child",
                range: 286..291,
            },
        ],
    },
    GraphRecord {
        id: 15,
        parent_id: Some(
            0,
        ),
        child_ids: [
            16,
        ],
        syntax_kind: 75,
        category: "section",
        kind: "headline",
        range: 294..348,
        fields: [
            GraphFieldValue {
                name: "markers",
                value: "*",
                range: 294..295,
            },
            GraphFieldValue {
                name: "title",
                value: "Task B",
                range: 296..302,
            },
            GraphFieldValue {
                name: "title-body",
                value: "Task B",
                range: 296..302,
            },
        ],
    },
    GraphRecord {
        id: 16,
        parent_id: Some(
            15,
        ),
        child_ids: [
            17,
        ],
        syntax_kind: 75,
        category: "section",
        kind: "headline",
        range: 303..348,
        fields: [
            GraphFieldValue {
                name: "markers",
                value: "**",
                range: 303..305,
            },
            GraphFieldValue {
                name: "title",
                value: "Evidence",
                range: 306..314,
            },
            GraphFieldValue {
                name: "title-body",
                value: "Evidence",
                range: 306..314,
            },
        ],
    },
    GraphRecord {
        id: 17,
        parent_id: Some(
            16,
        ),
        child_ids: [
            18,
        ],
        syntax_kind: 25,
        category: "element",
        kind: "paragraph",
        range: 315..348,
        fields: [],
    },
    GraphRecord {
        id: 18,
        parent_id: Some(
            17,
        ),
        child_ids: [],
        syntax_kind: 44,
        category: "object",
        kind: "link",
        range: 315..347,
        fields: [
            GraphFieldValue {
                name: "path",
                value: "https://example.test",
                range: 317..337,
            },
            GraphFieldValue {
                name: "description",
                value: "task-b",
                range: 339..345,
            },
        ],
    },
    GraphRecord {
        id: 19,
        parent_id: Some(
            0,
        ),
        child_ids: [
            20,
            22,
        ],
        syntax_kind: 75,
        category: "section",
        kind: "headline",
        range: 348..504,
        fields: [
            GraphFieldValue {
                name: "markers",
                value: "*",
                range: 348..349,
            },
            GraphFieldValue {
                name: "title",
                value: "Override Parent",
                range: 350..365,
            },
            GraphFieldValue {
                name: "title-body",
                value: "Override Parent",
                range: 350..365,
            },
        ],
    },
    GraphRecord {
        id: 20,
        parent_id: Some(
            19,
        ),
        child_ids: [
            21,
        ],
        syntax_kind: 21,
        category: "element",
        kind: "property-drawer",
        range: 366..426,
        fields: [],
    },
    GraphRecord {
        id: 21,
        parent_id: Some(
            20,
        ),
        child_ids: [],
        syntax_kind: 23,
        category: "property",
        kind: "node-property",
        range: 379..420,
        fields: [
            GraphFieldValue {
                name: "key",
                value: "CONTRACT_ORG",
                range: 380..392,
            },
            GraphFieldValue {
                name: "value",
                value: "section.override-title.v1",
                range: 394..419,
            },
        ],
    },
    GraphRecord {
        id: 22,
        parent_id: Some(
            19,
        ),
        child_ids: [
            23,
        ],
        syntax_kind: 75,
        category: "section",
        kind: "headline",
        range: 426..504,
        fields: [
            GraphFieldValue {
                name: "markers",
                value: "**",
                range: 426..428,
            },
            GraphFieldValue {
                name: "title",
                value: "Override Child",
                range: 429..443,
            },
            GraphFieldValue {
                name: "title-body",
                value: "Override Child",
                range: 429..443,
            },
        ],
    },
    GraphRecord {
        id: 23,
        parent_id: Some(
            22,
        ),
        child_ids: [
            24,
        ],
        syntax_kind: 21,
        category: "element",
        kind: "property-drawer",
        range: 444..504,
        fields: [],
    },
    GraphRecord {
        id: 24,
        parent_id: Some(
            23,
        ),
        child_ids: [],
        syntax_kind: 23,
        category: "property",
        kind: "node-property",
        range: 457..498,
        fields: [
            GraphFieldValue {
                name: "key",
                value: "CONTRACT_ORG",
                range: 458..470,
            },
            GraphFieldValue {
                name: "value",
                value: "section.override-title.v1",
                range: 472..497,
            },
        ],
    },
]
