---
source: tests/integration/org_event_aot_parity.rs
expression: document.records()
---
[
    GraphRecord {
        id: 0,
        parent_id: None,
        child_ids: [
            1,
            5,
            15,
            19,
        ],
        syntax_kind: 0,
        category: "document",
        kind: "org-data",
        range: 0..504,
        fields: [],
    },
    GraphRecord {
        id: 1,
        parent_id: Some(
            0,
        ),
        child_ids: [
            2,
            3,
            4,
        ],
        syntax_kind: 12,
        category: "element",
        kind: "property-drawer",
        range: 0..128,
        fields: [],
    },
    GraphRecord {
        id: 2,
        parent_id: Some(
            1,
        ),
        child_ids: [],
        syntax_kind: 14,
        category: "property",
        kind: "node-property",
        range: 13..46,
        fields: [
            GraphFieldValue {
                name: "key",
                value: "CONTRACT_ORG",
            },
            GraphFieldValue {
                name: "value",
                value: "document.scope.v1",
            },
        ],
    },
    GraphRecord {
        id: 3,
        parent_id: Some(
            1,
        ),
        child_ids: [],
        syntax_kind: 14,
        category: "property",
        kind: "node-property",
        range: 46..90,
        fields: [
            GraphFieldValue {
                name: "key",
                value: "CONTRACT_ORG",
            },
            GraphFieldValue {
                name: "value",
                value: "document.contract-binding.v1",
            },
        ],
    },
    GraphRecord {
        id: 4,
        parent_id: Some(
            1,
        ),
        child_ids: [],
        syntax_kind: 14,
        category: "property",
        kind: "node-property",
        range: 90..122,
        fields: [
            GraphFieldValue {
                name: "key",
                value: "CONTRACT_ORG",
            },
            GraphFieldValue {
                name: "value",
                value: "section.scope.v1",
            },
        ],
    },
    GraphRecord {
        id: 5,
        parent_id: Some(
            0,
        ),
        child_ids: [
            6,
            9,
        ],
        syntax_kind: 58,
        category: "section",
        kind: "headline",
        range: 128..294,
        fields: [
            GraphFieldValue {
                name: "markers",
                value: "*",
            },
            GraphFieldValue {
                name: "title",
                value: "Task A",
            },
        ],
    },
    GraphRecord {
        id: 6,
        parent_id: Some(
            5,
        ),
        child_ids: [
            7,
        ],
        syntax_kind: 58,
        category: "section",
        kind: "headline",
        range: 137..182,
        fields: [
            GraphFieldValue {
                name: "markers",
                value: "**",
            },
            GraphFieldValue {
                name: "title",
                value: "Evidence",
            },
        ],
    },
    GraphRecord {
        id: 7,
        parent_id: Some(
            6,
        ),
        child_ids: [
            8,
        ],
        syntax_kind: 16,
        category: "element",
        kind: "paragraph",
        range: 149..182,
        fields: [],
    },
    GraphRecord {
        id: 8,
        parent_id: Some(
            7,
        ),
        child_ids: [],
        syntax_kind: 32,
        category: "object",
        kind: "link",
        range: 149..181,
        fields: [
            GraphFieldValue {
                name: "path",
                value: "https://example.test",
            },
            GraphFieldValue {
                name: "description",
                value: "inside",
            },
        ],
    },
    GraphRecord {
        id: 9,
        parent_id: Some(
            5,
        ),
        child_ids: [
            10,
            12,
        ],
        syntax_kind: 58,
        category: "section",
        kind: "headline",
        range: 182..294,
        fields: [
            GraphFieldValue {
                name: "markers",
                value: "**",
            },
            GraphFieldValue {
                name: "title",
                value: "Task A Child",
            },
        ],
    },
    GraphRecord {
        id: 10,
        parent_id: Some(
            9,
        ),
        child_ids: [
            11,
        ],
        syntax_kind: 12,
        category: "element",
        kind: "property-drawer",
        range: 198..249,
        fields: [],
    },
    GraphRecord {
        id: 11,
        parent_id: Some(
            10,
        ),
        child_ids: [],
        syntax_kind: 14,
        category: "property",
        kind: "node-property",
        range: 211..243,
        fields: [
            GraphFieldValue {
                name: "key",
                value: "CONTRACT_ORG",
            },
            GraphFieldValue {
                name: "value",
                value: "section.scope.v1",
            },
        ],
    },
    GraphRecord {
        id: 12,
        parent_id: Some(
            9,
        ),
        child_ids: [
            13,
        ],
        syntax_kind: 58,
        category: "section",
        kind: "headline",
        range: 249..294,
        fields: [
            GraphFieldValue {
                name: "markers",
                value: "***",
            },
            GraphFieldValue {
                name: "title",
                value: "Evidence",
            },
        ],
    },
    GraphRecord {
        id: 13,
        parent_id: Some(
            12,
        ),
        child_ids: [
            14,
        ],
        syntax_kind: 16,
        category: "element",
        kind: "paragraph",
        range: 262..294,
        fields: [],
    },
    GraphRecord {
        id: 14,
        parent_id: Some(
            13,
        ),
        child_ids: [],
        syntax_kind: 32,
        category: "object",
        kind: "link",
        range: 262..293,
        fields: [
            GraphFieldValue {
                name: "path",
                value: "https://example.test",
            },
            GraphFieldValue {
                name: "description",
                value: "child",
            },
        ],
    },
    GraphRecord {
        id: 15,
        parent_id: Some(
            0,
        ),
        child_ids: [
            16,
        ],
        syntax_kind: 58,
        category: "section",
        kind: "headline",
        range: 294..348,
        fields: [
            GraphFieldValue {
                name: "markers",
                value: "*",
            },
            GraphFieldValue {
                name: "title",
                value: "Task B",
            },
        ],
    },
    GraphRecord {
        id: 16,
        parent_id: Some(
            15,
        ),
        child_ids: [
            17,
        ],
        syntax_kind: 58,
        category: "section",
        kind: "headline",
        range: 303..348,
        fields: [
            GraphFieldValue {
                name: "markers",
                value: "**",
            },
            GraphFieldValue {
                name: "title",
                value: "Evidence",
            },
        ],
    },
    GraphRecord {
        id: 17,
        parent_id: Some(
            16,
        ),
        child_ids: [
            18,
        ],
        syntax_kind: 16,
        category: "element",
        kind: "paragraph",
        range: 315..348,
        fields: [],
    },
    GraphRecord {
        id: 18,
        parent_id: Some(
            17,
        ),
        child_ids: [],
        syntax_kind: 32,
        category: "object",
        kind: "link",
        range: 315..347,
        fields: [
            GraphFieldValue {
                name: "path",
                value: "https://example.test",
            },
            GraphFieldValue {
                name: "description",
                value: "task-b",
            },
        ],
    },
    GraphRecord {
        id: 19,
        parent_id: Some(
            0,
        ),
        child_ids: [
            20,
            22,
        ],
        syntax_kind: 58,
        category: "section",
        kind: "headline",
        range: 348..504,
        fields: [
            GraphFieldValue {
                name: "markers",
                value: "*",
            },
            GraphFieldValue {
                name: "title",
                value: "Override Parent",
            },
        ],
    },
    GraphRecord {
        id: 20,
        parent_id: Some(
            19,
        ),
        child_ids: [
            21,
        ],
        syntax_kind: 12,
        category: "element",
        kind: "property-drawer",
        range: 366..426,
        fields: [],
    },
    GraphRecord {
        id: 21,
        parent_id: Some(
            20,
        ),
        child_ids: [],
        syntax_kind: 14,
        category: "property",
        kind: "node-property",
        range: 379..420,
        fields: [
            GraphFieldValue {
                name: "key",
                value: "CONTRACT_ORG",
            },
            GraphFieldValue {
                name: "value",
                value: "section.override-title.v1",
            },
        ],
    },
    GraphRecord {
        id: 22,
        parent_id: Some(
            19,
        ),
        child_ids: [
            23,
        ],
        syntax_kind: 58,
        category: "section",
        kind: "headline",
        range: 426..504,
        fields: [
            GraphFieldValue {
                name: "markers",
                value: "**",
            },
            GraphFieldValue {
                name: "title",
                value: "Override Child",
            },
        ],
    },
    GraphRecord {
        id: 23,
        parent_id: Some(
            22,
        ),
        child_ids: [
            24,
        ],
        syntax_kind: 12,
        category: "element",
        kind: "property-drawer",
        range: 444..504,
        fields: [],
    },
    GraphRecord {
        id: 24,
        parent_id: Some(
            23,
        ),
        child_ids: [],
        syntax_kind: 14,
        category: "property",
        kind: "node-property",
        range: 457..498,
        fields: [
            GraphFieldValue {
                name: "key",
                value: "CONTRACT_ORG",
            },
            GraphFieldValue {
                name: "value",
                value: "section.override-title.v1",
            },
        ],
    },
]
