---
source: tests/integration/org_event_aot_parity.rs
assertion_line: 37
expression: document.records()
---
[
    GraphRecord {
        id: 0,
        parent_id: None,
        child_ids: [
            1,
        ],
        syntax_kind: 0,
        category: "document",
        kind: "org-data",
        range: TextRange {
            start: TextSize(
                0,
            ),
            end: TextSize(
                130,
            ),
        },
        fields: [],
    },
    GraphRecord {
        id: 1,
        parent_id: Some(
            0,
        ),
        child_ids: [
            2,
            5,
        ],
        syntax_kind: 84,
        category: "section",
        kind: "headline",
        range: TextRange {
            start: TextSize(
                0,
            ),
            end: TextSize(
                130,
            ),
        },
        fields: [
            GraphFieldValue {
                name: "markers",
                value: "*",
                range: TextRange {
                    start: TextSize(
                        0,
                    ),
                    end: TextSize(
                        1,
                    ),
                },
            },
            GraphFieldValue {
                name: "title",
                value: "Dynamic overview",
                range: TextRange {
                    start: TextSize(
                        2,
                    ),
                    end: TextSize(
                        18,
                    ),
                },
            },
            GraphFieldValue {
                name: "title-body",
                value: "Dynamic overview",
                range: TextRange {
                    start: TextSize(
                        2,
                    ),
                    end: TextSize(
                        18,
                    ),
                },
            },
        ],
    },
    GraphRecord {
        id: 2,
        parent_id: Some(
            1,
        ),
        child_ids: [
            3,
        ],
        syntax_kind: 12,
        category: "element",
        kind: "dynamic-block",
        range: TextRange {
            start: TextSize(
                19,
            ),
            end: TextSize(
                112,
            ),
        },
        fields: [
            GraphFieldValue {
                name: "header",
                value: "  :scope file\n",
                range: TextRange {
                    start: TextSize(
                        27,
                    ),
                    end: TextSize(
                        51,
                    ),
                },
            },
            GraphFieldValue {
                name: "name",
                value: "clocktable",
                range: TextRange {
                    start: TextSize(
                        28,
                    ),
                    end: TextSize(
                        38,
                    ),
                },
            },
            GraphFieldValue {
                name: "header-key",
                value: "scope",
                range: TextRange {
                    start: TextSize(
                        40,
                    ),
                    end: TextSize(
                        45,
                    ),
                },
            },
            GraphFieldValue {
                name: "argument-key",
                value: "scope",
                range: TextRange {
                    start: TextSize(
                        40,
                    ),
                    end: TextSize(
                        45,
                    ),
                },
            },
            GraphFieldValue {
                name: "argument-content",
                value: "file",
                range: TextRange {
                    start: TextSize(
                        46,
                    ),
                    end: TextSize(
                        50,
                    ),
                },
            },
            GraphFieldValue {
                name: "header-value",
                value: "file",
                range: TextRange {
                    start: TextSize(
                        46,
                    ),
                    end: TextSize(
                        50,
                    ),
                },
            },
            GraphFieldValue {
                name: "argument-value",
                value: "file",
                range: TextRange {
                    start: TextSize(
                        46,
                    ),
                    end: TextSize(
                        50,
                    ),
                },
            },
            GraphFieldValue {
                name: "argument-raw",
                value: ":scope file",
                range: TextRange {
                    start: TextSize(
                        39,
                    ),
                    end: TextSize(
                        50,
                    ),
                },
            },
            GraphFieldValue {
                name: "header-parameters",
                value: ":scope file",
                range: TextRange {
                    start: TextSize(
                        39,
                    ),
                    end: TextSize(
                        50,
                    ),
                },
            },
            GraphFieldValue {
                name: "end",
                value: "#+END:\n",
                range: TextRange {
                    start: TextSize(
                        105,
                    ),
                    end: TextSize(
                        112,
                    ),
                },
            },
        ],
    },
    GraphRecord {
        id: 3,
        parent_id: Some(
            2,
        ),
        child_ids: [
            4,
        ],
        syntax_kind: 25,
        category: "element",
        kind: "paragraph",
        range: TextRange {
            start: TextSize(
                51,
            ),
            end: TextSize(
                105,
            ),
        },
        fields: [],
    },
    GraphRecord {
        id: 4,
        parent_id: Some(
            3,
        ),
        child_ids: [],
        syntax_kind: 49,
        category: "object",
        kind: "link",
        range: TextRange {
            start: TextSize(
                73,
            ),
            end: TextSize(
                103,
            ),
        },
        fields: [
            GraphFieldValue {
                name: "path",
                value: "https://example.test",
                range: TextRange {
                    start: TextSize(
                        75,
                    ),
                    end: TextSize(
                        95,
                    ),
                },
            },
            GraphFieldValue {
                name: "description",
                value: "link",
                range: TextRange {
                    start: TextSize(
                        97,
                    ),
                    end: TextSize(
                        101,
                    ),
                },
            },
        ],
    },
    GraphRecord {
        id: 5,
        parent_id: Some(
            1,
        ),
        child_ids: [],
        syntax_kind: 25,
        category: "element",
        kind: "paragraph",
        range: TextRange {
            start: TextSize(
                113,
            ),
            end: TextSize(
                130,
            ),
        },
        fields: [],
    },
]
